Command line invocation:
    /Applications/Xcode.app/Contents/Developer/usr/bin/xcodebuild -scheme VCLifecycle -destination "platform=iOS Simulator,id=1DC6F861-9E78-4532-A415-8AB98586600E" -derivedDataPath ./build build

2026-05-06 09:27:50.177 xcodebuild[44244:1161558]  IDEDownloadableMetalToolchainCoordinator: Failed to remount the Metal Toolchain: No downloaded assets found: The file “MetalToolchain” couldn’t be saved in the folder “Assets”.
2026-05-06 09:27:50.217 xcodebuild[44244:1161546] [MT] IDESimulatorRuntimeVersionCoordinator: Error loading SDK-to-sim mappings: Error Domain=NSCocoaErrorDomain Code=257 "The file “SDKToSimulatorIndexMapping.plist” couldn’t be opened because you don’t have permission to view it." UserInfo={NSFilePath=/Users/mac/Library/Developer/Xcode/SDKToSimulatorIndexMapping.plist, NSURL=file:///Users/mac/Library/Developer/Xcode/SDKToSimulatorIndexMapping.plist, NSUnderlyingError=0x7f95f053fcd0 {Error Domain=NSPOSIXErrorDomain Code=1 "Operation not permitted"}}
2026-05-06 09:27:50.218 xcodebuild[44244:1161546] [MT] IDESimulatorRuntimeVersionCoordinator: Unable to read RuntimeMap data at /Users/mac/Library/Developer/CoreSimulator/RuntimeMap.plist: Error Domain=NSCocoaErrorDomain Code=257 "The file “RuntimeMap.plist” couldn’t be opened because you don’t have permission to view it." UserInfo={NSFilePath=/Users/mac/Library/Developer/CoreSimulator/RuntimeMap.plist, NSURL=file:///Users/mac/Library/Developer/CoreSimulator/RuntimeMap.plist, NSUnderlyingError=0x7f95efd2d890 {Error Domain=NSPOSIXErrorDomain Code=1 "Operation not permitted"}}
2026-05-06 09:27:50.534 xcodebuild[44244:1161546] [MT] IDERunDestination: Supported platforms for the buildables in the current scheme is empty.
ComputePackagePrebuildTargetDependencyGraph

Prepare packages

CreateBuildRequest

SendProjectDescription

CreateBuildOperation

ComputeTargetDependencyGraph
note: Building targets in dependency order
note: Target dependency graph (1 target)
    Target 'VCLifecycle' in project 'VCLifecycle' (no dependencies)

GatherProvisioningInputs

CreateBuildDescription

ExecuteExternalTool /Applications/Xcode.app/Contents/Developer/Toolchains/XcodeDefault.xctoolchain/usr/bin/clang -v -E -dM -isysroot /Applications/Xcode.app/Contents/Developer/Platforms/iPhoneSimulator.platform/Developer/SDKs/iPhoneSimulator26.4.sdk -x c -c /dev/null

ExecuteExternalTool /Applications/Xcode.app/Contents/Developer/usr/bin/actool --print-asset-tag-combinations --output-format xml1 /Users/mac/intern-i3-ios/VCLifecycle/VCLifecycle/Assets.xcassets

ExecuteExternalTool /Applications/Xcode.app/Contents/Developer/usr/bin/ibtool --version --output-format xml1

ExecuteExternalTool /Applications/Xcode.app/Contents/Developer/usr/bin/actool --version --output-format xml1

ExecuteExternalTool /Applications/Xcode.app/Contents/Developer/Toolchains/XcodeDefault.xctoolchain/usr/bin/swiftc --version

ExecuteExternalTool /Applications/Xcode.app/Contents/Developer/Toolchains/XcodeDefault.xctoolchain/usr/bin/ld -version_details

Build description signature: 9c14bbe1f3ffc444b23e30559193ae92
Build description path: /Users/mac/intern-i3-ios/VCLifecycle/build/Build/Intermediates.noindex/XCBuildData/9c14bbe1f3ffc444b23e30559193ae92.xcbuilddata
ClangStatCache /Applications/Xcode.app/Contents/Developer/Toolchains/XcodeDefault.xctoolchain/usr/bin/clang-stat-cache /Applications/Xcode.app/Contents/Developer/Platforms/iPhoneSimulator.platform/Developer/SDKs/iPhoneSimulator26.4.sdk /Users/mac/intern-i3-ios/VCLifecycle/build/SDKStatCaches.noindex/iphonesimulator26.4-23E237-686eebb5dc1d8ecb277353a59184f4aa.sdkstatcache
    cd /Users/mac/intern-i3-ios/VCLifecycle/VCLifecycle.xcodeproj
    /Applications/Xcode.app/Contents/Developer/Toolchains/XcodeDefault.xctoolchain/usr/bin/clang-stat-cache /Applications/Xcode.app/Contents/Developer/Platforms/iPhoneSimulator.platform/Developer/SDKs/iPhoneSimulator26.4.sdk -o /Users/mac/intern-i3-ios/VCLifecycle/build/SDKStatCaches.noindex/iphonesimulator26.4-23E237-686eebb5dc1d8ecb277353a59184f4aa.sdkstatcache

CompileXIB /Users/mac/intern-i3-ios/VCLifecycle/VCLifecycle/Views/GoalCell.xib (in target 'VCLifecycle' from project 'VCLifecycle')
    cd /Users/mac/intern-i3-ios/VCLifecycle
    /Applications/Xcode.app/Contents/Developer/usr/bin/ibtool --errors --warnings --notices --module VCLifecycle --output-partial-info-plist /Users/mac/intern-i3-ios/VCLifecycle/build/Build/Intermediates.noindex/VCLifecycle.build/Debug-iphonesimulator/VCLifecycle.build/GoalCell-PartialInfo.plist --auto-activate-custom-fonts --target-device iphone --target-device ipad --minimum-deployment-target 26.4 --output-format human-readable-text --compile /Users/mac/intern-i3-ios/VCLifecycle/build/Build/Products/Debug-iphonesimulator/VCLifecycle.app/GoalCell.nib /Users/mac/intern-i3-ios/VCLifecycle/VCLifecycle/Views/GoalCell.xib

CompileXIB /Users/mac/intern-i3-ios/VCLifecycle/VCLifecycle/Controllers/GoalListViewController.xib (in target 'VCLifecycle' from project 'VCLifecycle')
    cd /Users/mac/intern-i3-ios/VCLifecycle
    /Applications/Xcode.app/Contents/Developer/usr/bin/ibtool --errors --warnings --notices --module VCLifecycle --output-partial-info-plist /Users/mac/intern-i3-ios/VCLifecycle/build/Build/Intermediates.noindex/VCLifecycle.build/Debug-iphonesimulator/VCLifecycle.build/GoalListViewController-PartialInfo.plist --auto-activate-custom-fonts --target-device iphone --target-device ipad --minimum-deployment-target 26.4 --output-format human-readable-text --compile /Users/mac/intern-i3-ios/VCLifecycle/build/Build/Products/Debug-iphonesimulator/VCLifecycle.app/GoalListViewController.nib /Users/mac/intern-i3-ios/VCLifecycle/VCLifecycle/Controllers/GoalListViewController.xib
/* com.apple.ibtool.errors */
/Users/mac/intern-i3-ios/VCLifecycle/VCLifecycle/Controllers/GoalListViewController.xib: error: Encountered an error communicating with IBAgent-iOS.
    Failure Reason: IBAgent-iOS (-1) failed to launch
    Recovery Suggestion: Please check Console.app for crash reports for "IBAgent-iOS" for further information.
    Underlying Errors:
        Description: Failed to launch IBAgent-iOS via CoreSimulator spawn
        Failure Reason: Failed to spawn IBAgent-iOS on IBSimDeviceTypeiPad2x (EB12B3C3-BEBC-425B-95BC-C40D5F976D6D, iOS 26.4, Shutdown)
        Underlying Errors:
            Description: The file “EB12B3C3-BEBC-425B-95BC-C40D5F976D6D” couldn’t be saved in the folder “CoreSimulator”.
            Underlying Errors:
                Description: The operation couldn’t be completed. Input/output error
                Failure Reason: Input/output error

CompileXIB /Users/mac/intern-i3-ios/VCLifecycle/VCLifecycle/Controllers/GoalDetailViewController.xib (in target 'VCLifecycle' from project 'VCLifecycle')
    cd /Users/mac/intern-i3-ios/VCLifecycle
    /Applications/Xcode.app/Contents/Developer/usr/bin/ibtool --errors --warnings --notices --module VCLifecycle --output-partial-info-plist /Users/mac/intern-i3-ios/VCLifecycle/build/Build/Intermediates.noindex/VCLifecycle.build/Debug-iphonesimulator/VCLifecycle.build/GoalDetailViewController-PartialInfo.plist --auto-activate-custom-fonts --target-device iphone --target-device ipad --minimum-deployment-target 26.4 --output-format human-readable-text --compile /Users/mac/intern-i3-ios/VCLifecycle/build/Build/Products/Debug-iphonesimulator/VCLifecycle.app/GoalDetailViewController.nib /Users/mac/intern-i3-ios/VCLifecycle/VCLifecycle/Controllers/GoalDetailViewController.xib

CompileStoryboard /Users/mac/intern-i3-ios/VCLifecycle/VCLifecycle/Base.lproj/LaunchScreen.storyboard (in target 'VCLifecycle' from project 'VCLifecycle')
    cd /Users/mac/intern-i3-ios/VCLifecycle
    /Applications/Xcode.app/Contents/Developer/usr/bin/ibtool --errors --warnings --notices --module VCLifecycle --output-partial-info-plist /Users/mac/intern-i3-ios/VCLifecycle/build/Build/Intermediates.noindex/VCLifecycle.build/Debug-iphonesimulator/VCLifecycle.build/Base.lproj/LaunchScreen-SBPartialInfo.plist --auto-activate-custom-fonts --target-device iphone --target-device ipad --minimum-deployment-target 26.4 --output-format human-readable-text /Users/mac/intern-i3-ios/VCLifecycle/VCLifecycle/Base.lproj/LaunchScreen.storyboard --compilation-directory /Users/mac/intern-i3-ios/VCLifecycle/build/Build/Intermediates.noindex/VCLifecycle.build/Debug-iphonesimulator/VCLifecycle.build/Base.lproj

CompileAssetCatalogVariant thinned /Users/mac/intern-i3-ios/VCLifecycle/build/Build/Products/Debug-iphonesimulator/VCLifecycle.app /Users/mac/intern-i3-ios/VCLifecycle/VCLifecycle/Assets.xcassets (in target 'VCLifecycle' from project 'VCLifecycle')
    cd /Users/mac/intern-i3-ios/VCLifecycle
    /Applications/Xcode.app/Contents/Developer/usr/bin/actool /Users/mac/intern-i3-ios/VCLifecycle/VCLifecycle/Assets.xcassets --compile /Users/mac/intern-i3-ios/VCLifecycle/build/Build/Intermediates.noindex/VCLifecycle.build/Debug-iphonesimulator/VCLifecycle.build/assetcatalog_output/thinned --output-format human-readable-text --notices --warnings --export-dependency-info /Users/mac/intern-i3-ios/VCLifecycle/build/Build/Intermediates.noindex/VCLifecycle.build/Debug-iphonesimulator/VCLifecycle.build/assetcatalog_dependencies_thinned --output-partial-info-plist /Users/mac/intern-i3-ios/VCLifecycle/build/Build/Intermediates.noindex/VCLifecycle.build/Debug-iphonesimulator/VCLifecycle.build/assetcatalog_generated_info.plist_thinned --app-icon AppIcon --accent-color AccentColor --compress-pngs --enable-on-demand-resources YES --filter-for-thinning-device-configuration iPhone18,1 --filter-for-device-os-version 26.4 --development-region en --target-device iphone --target-device ipad --minimum-deployment-target 26.4 --platform iphonesimulator

** BUILD FAILED **


The following build commands failed:
	CompileXIB /Users/mac/intern-i3-ios/VCLifecycle/VCLifecycle/Controllers/GoalListViewController.xib (in target 'VCLifecycle' from project 'VCLifecycle')
	Building project VCLifecycle with scheme VCLifecycle
(2 failures)
